// Jest Snapshot v1, https://goo.gl/fbAQLP

exports[`<App> should render 1`] = `
<div
  className="app"
>
  <h1>
    Hello World!
  </h1>
</div>
`;
